Godot Engine v4.7.1.stable.official.a13da4feb - https://godotengine.org
D3D12 12_0 - Forward+ - Using Device #0: NVIDIA - NVIDIA GeForce RTX 4070 Laptop GPU

ERROR: Failed to read the root certificate store.
   at: get_system_ca_certificates (platform/windows/os_windows.cpp:2582)
OceanQuery: backend nativo activo (OceanQueryNative).
--res://ocean_v3/rendering/shaders/ocean_surface.gdshader--
   41 | 
   42 | float level_color(float level) {
E  43->  float wave = fract(level * 0.61803398875);
   44 |  return mix(vec3(0.12, 0.85, 0.95), vec3(0.95, 0.25, 0.12), wave);
   45 | }
SHADER ERROR: Expected return with an expression of type 'float'.
   at: (null) (res://ocean_v3/rendering/shaders/ocean_surface.gdshader:43)
   GDScript backtrace (most recent call first):
       [0] configure (res://ocean_v3/rendering/ocean_clipmap_surface.gd:71)
       [1] _ready (res://ocean_v3/open_ocean_fft_module.gd:150)
ERROR: Shader compilation failed.
   at: set_code (servers/rendering/renderer_rd/forward_clustered/scene_shader_forward_clustered.cpp:185)
   GDScript backtrace (most recent call first):
       [0] configure (res://ocean_v3/rendering/ocean_clipmap_surface.gd:71)
       [1] _ready (res://ocean_v3/open_ocean_fft_module.gd:150)
ERROR: Condition "f.is_null()" is true.
   at: _save_to_cache (servers/rendering/renderer_rd/shader_rd.cpp:696)
