Godot Engine v4.7.1.stable.official.a13da4feb - https://godotengine.org

ERROR: Failed to read the root certificate store.
   at: get_system_ca_certificates (platform/windows/os_windows.cpp:2582)
OceanQuery: backend nativo activo (OceanQueryNative).
DETECTOR_CAPTURE t=0.14 tick=1 queried=2/14 slope=2/2 elapsed_ms=0.442 backend=NATIVE+ZONE_POSTPROCESS reason=NATIVE+ZONE_POSTPROCESS anchors=8 active=0
DETECTOR_SLOT t=0.14 slot=0 state=DETECT s/lambda=-1.713/-0.111 prev=-0.111 wave=0 advancing=NO in_window=YES pressure=0.5617 prominence=0.1079 local_hs=2.5000 slope_long=0.0075 raw=0.0783 eligibility=1.0000 zone=0.9912 final=0.0776 probability=0.0000 roll=0.0000 cooldown=YES last_decided=-1 reason=INITIALIZED
DETECTOR_SLOT t=0.14 slot=1 state=DETECT s/lambda=-6.163/-0.401 prev=-0.401 wave=0 advancing=NO in_window=NO pressure=0.6393 prominence=0.1879 local_hs=2.5000 slope_long=0.0023 raw=0.1773 eligibility=1.0000 zone=0.9406 final=0.1668 probability=0.0000 roll=0.0000 cooldown=YES last_decided=-1 reason=INITIALIZED
DETECTOR_SLOT t=0.14 slot=2 state=DETECT s/lambda=+0.000/+0.000 prev=+0.000 wave=0 advancing=NO in_window=NO pressure=0.0000 prominence=0.0000 local_hs=0.0000 slope_long=0.0000 raw=0.0000 eligibility=0.0000 zone=0.0000 final=0.0000 probability=0.0000 roll=0.0000 cooldown=YES last_decided=-1 reason=pending
DETECTOR_SLOT t=0.14 slot=3 state=DETECT s/lambda=+0.000/+0.000 prev=+0.000 wave=0 advancing=NO in_window=NO pressure=0.0000 prominence=0.0000 local_hs=0.0000 slope_long=0.0000 raw=0.0000 eligibility=0.0000 zone=0.0000 final=0.0000 probability=0.0000 roll=0.0000 cooldown=YES last_decided=-1 reason=pending
DETECTOR_SLOT t=0.14 slot=4 state=DETECT s/lambda=+0.000/+0.000 prev=+0.000 wave=0 advancing=NO in_window=NO pressure=0.0000 prominence=0.0000 local_hs=0.0000 slope_long=0.0000 raw=0.0000 eligibility=0.0000 zone=0.0000 final=0.0000 probability=0.0000 roll=0.0000 cooldown=YES last_decided=-1 reason=pending
DETECTOR_SLOT t=0.14 slot=5 state=DETECT s/lambda=+0.000/+0.000 prev=+0.000 wave=0 advancing=NO in_window=NO pressure=0.0000 prominence=0.0000 local_hs=0.0000 slope_long=0.0000 raw=0.0000 eligibility=0.0000 zone=0.0000 final=0.0000 probability=0.0000 roll=0.0000 cooldown=YES last_decided=-1 reason=pending
DETECTOR_SLOT t=0.14 slot=6 state=DETECT s/lambda=+0.000/+0.000 prev=+0.000 wave=0 advancing=NO in_window=NO pressure=0.0000 prominence=0.0000 local_hs=0.0000 slope_long=0.0000 raw=0.0000 eligibility=0.0000 zone=0.0000 final=0.0000 probability=0.0000 roll=0.0000 cooldown=YES last_decided=-1 reason=pending
DETECTOR_SLOT t=0.14 slot=7 state=DETECT s/lambda=+0.000/+0.000 prev=+0.000 wave=0 advancing=NO in_window=NO pressure=0.0000 prominence=0.0000 local_hs=0.0000 slope_long=0.0000 raw=0.0000 eligibility=0.0000 zone=0.0000 final=0.0000 probability=0.0000 roll=0.0000 cooldown=YES last_decided=-1 reason=pending
DETECTOR_CAPTURE t=1.01 tick=17 queried=2/14 slope=2/2 elapsed_ms=0.874 backend=NATIVE+ZONE_POSTPROCESS reason=NATIVE+ZONE_POSTPROCESS anchors=8 active=0
DETECTOR_SLOT t=1.01 slot=0 state=DETECT s/lambda=+2.963/+0.191 prev=+0.191 wave=0 advancing=YES in_window=NO pressure=0.5617 prominence=0.1267 local_hs=2.5000 slope_long=0.0019 raw=0.0823 eligibility=1.0000 zone=0.9912 final=0.0816 probability=0.0000 roll=0.2939 cooldown=YES last_decided=0 reason=WAVE_ALREADY_DECIDED
DETECTOR_SLOT t=1.01 slot=1 state=DETECT s/lambda=-0.556/-0.036 prev=-0.036 wave=0 advancing=YES in_window=NO pressure=0.6393 prominence=0.2236 local_hs=2.5000 slope_long=0.0011 raw=0.2136 eligibility=1.0000 zone=0.9406 final=0.2009 probability=0.0000 roll=0.6621 cooldown=YES last_decided=0 reason=ROLL_REJECTED
DETECTOR_SLOT t=1.01 slot=2 state=DETECT s/lambda=+0.000/+0.000 prev=+0.000 wave=0 advancing=NO in_window=NO pressure=0.0000 prominence=0.0000 local_hs=0.0000 slope_long=0.0000 raw=0.0000 eligibility=0.0000 zone=0.0000 final=0.0000 probability=0.0000 roll=0.0000 cooldown=YES last_decided=-1 reason=INVALID_QUERY_SAMPLE
DETECTOR_SLOT t=1.01 slot=3 state=DETECT s/lambda=-5.940/-0.381 prev=-0.381 wave=0 advancing=YES in_window=NO pressure=0.5924 prominence=0.0663 local_hs=2.5000 slope_long=0.0003 raw=0.0989 eligibility=1.0000 zone=0.6900 final=0.0682 probability=0.0000 roll=0.0261 cooldown=YES last_decided=-1 reason=BEST_SCORE_PENDING
DETECTOR_SLOT t=1.01 slot=4 state=DETECT s/lambda=+4.182/+0.269 prev=+0.269 wave=0 advancing=YES in_window=NO pressure=0.6095 prominence=0.3099 local_hs=2.5000 slope_long=0.0752 raw=0.2993 eligibility=1.0000 zone=0.6900 final=0.2065 probability=0.0000 roll=0.9624 cooldown=YES last_decided=-1 reason=NO_BEST_SCORE
DETECTOR_SLOT t=1.01 slot=5 state=DETECT s/lambda=+3.240/+0.207 prev=+0.207 wave=0 advancing=YES in_window=NO pressure=0.5371 prominence=0.2295 local_hs=2.5000 slope_long=0.0213 raw=0.1487 eligibility=1.0000 zone=0.6900 final=0.1026 probability=0.0000 roll=0.3094 cooldown=YES last_decided=-1 reason=NO_BEST_SCORE
DETECTOR_SLOT t=1.01 slot=6 state=DETECT s/lambda=+2.278/+0.150 prev=+0.150 wave=0 advancing=YES in_window=NO pressure=0.6967 prominence=0.0202 local_hs=2.5000 slope_long=0.0199 raw=0.1803 eligibility=1.0000 zone=0.6900 final=0.1244 probability=0.0000 roll=0.5139 cooldown=YES last_decided=-1 reason=NO_BEST_SCORE
DETECTOR_SLOT t=1.01 slot=7 state=DETECT s/lambda=+2.333/+0.150 prev=+0.150 wave=0 advancing=YES in_window=NO pressure=0.5576 prominence=0.1176 local_hs=2.5000 slope_long=0.0253 raw=0.0772 eligibility=1.0000 zone=0.9734 final=0.0751 probability=0.0000 roll=0.4221 cooldown=YES last_decided=0 reason=WAVE_ALREADY_DECIDED
FORCE_SPAWN_RESULT selected_slot=0 ok=YES
DETECTOR_CAPTURE t=2.00 tick=34 queried=2/14 slope=1/1 elapsed_ms=0.330 backend=NATIVE+ZONE_POSTPROCESS reason=NATIVE+ZONE_POSTPROCESS anchors=8 active=1
DETECTOR_SLOT t=2.00 slot=0 state=ACTIVE s/lambda=+6.976/+0.450 prev=+0.450 wave=0 advancing=YES in_window=NO pressure=0.5617 prominence=0.0562 local_hs=2.5000 slope_long=0.0467 raw=0.0779 eligibility=1.0000 zone=0.9912 final=0.0772 probability=0.0000 roll=0.2939 cooldown=YES last_decided=0 reason=FORCE_SPAWN
DETECTOR_SLOT t=2.00 slot=1 state=DETECT s/lambda=+4.582/+0.298 prev=+0.298 wave=0 advancing=YES in_window=NO pressure=0.6393 prominence=0.2235 local_hs=2.5000 slope_long=0.0001 raw=0.2135 eligibility=1.0000 zone=0.9406 final=0.2008 probability=0.0000 roll=0.6621 cooldown=YES last_decided=0 reason=WAVE_ALREADY_DECIDED
DETECTOR_SLOT t=2.00 slot=2 state=DETECT s/lambda=+0.000/+0.000 prev=+0.000 wave=0 advancing=NO in_window=NO pressure=0.0000 prominence=0.0000 local_hs=0.0000 slope_long=0.0000 raw=0.0000 eligibility=0.0000 zone=0.0000 final=0.0000 probability=0.0000 roll=0.0000 cooldown=YES last_decided=-1 reason=INVALID_QUERY_SAMPLE
DETECTOR_SLOT t=2.00 slot=3 state=DETECT s/lambda=+1.679/+0.108 prev=+0.108 wave=0 advancing=YES in_window=NO pressure=0.5924 prominence=0.0734 local_hs=2.5000 slope_long=0.0004 raw=0.0989 eligibility=1.0000 zone=0.6900 final=0.0682 probability=0.0000 roll=0.0261 cooldown=YES last_decided=0 reason=WAVE_ALREADY_DECIDED
DETECTOR_SLOT t=2.00 slot=4 state=DETECT s/lambda=+0.187/+0.012 prev=+0.012 wave=0 advancing=NO in_window=NO pressure=0.6095 prominence=0.0000 local_hs=2.5000 slope_long=0.0017 raw=0.1113 eligibility=1.0000 zone=0.6900 final=0.0768 probability=0.0000 roll=0.9624 cooldown=YES last_decided=-1 reason=NOT_ADVANCING
DETECTOR_SLOT t=2.00 slot=5 state=DETECT s/lambda=+4.217/+0.269 prev=+0.269 wave=0 advancing=YES in_window=NO pressure=0.5371 prominence=0.1497 local_hs=2.5000 slope_long=0.0347 raw=0.0772 eligibility=1.0000 zone=0.6900 final=0.0533 probability=0.0000 roll=0.3094 cooldown=YES last_decided=-1 reason=NO_BEST_SCORE
DETECTOR_SLOT t=2.00 slot=6 state=DETECT s/lambda=+6.476/+0.426 prev=+0.426 wave=0 advancing=YES in_window=NO pressure=0.6967 prominence=0.0108 local_hs=2.5000 slope_long=0.0052 raw=0.1803 eligibility=1.0000 zone=0.6900 final=0.1244 probability=0.0000 roll=0.5139 cooldown=YES last_decided=-1 reason=NO_BEST_SCORE
DETECTOR_SLOT t=2.00 slot=7 state=DETECT s/lambda=+6.743/+0.433 prev=+0.433 wave=0 advancing=YES in_window=NO pressure=0.5576 prominence=0.0517 local_hs=2.5000 slope_long=0.0224 raw=0.0752 eligibility=1.0000 zone=0.9734 final=0.0732 probability=0.0000 roll=0.4221 cooldown=YES last_decided=0 reason=WAVE_ALREADY_DECIDED
DETECTOR_CAPTURE t=3.00 tick=52 queried=2/14 slope=2/2 elapsed_ms=0.944 backend=NATIVE+ZONE_POSTPROCESS reason=NATIVE+ZONE_POSTPROCESS anchors=8 active=1
DETECTOR_SLOT t=3.00 slot=0 state=ACTIVE s/lambda=+6.976/+0.450 prev=+0.450 wave=0 advancing=YES in_window=NO pressure=0.5617 prominence=0.0562 local_hs=2.5000 slope_long=0.0467 raw=0.0779 eligibility=1.0000 zone=0.9912 final=0.0772 probability=0.0000 roll=0.2939 cooldown=YES last_decided=0 reason=FORCE_SPAWN
DETECTOR_SLOT t=3.00 slot=1 state=DETECT s/lambda=-2.304/-0.150 prev=-0.150 wave=1 advancing=NO in_window=YES pressure=0.6393 prominence=0.0000 local_hs=2.5000 slope_long=0.0728 raw=0.1340 eligibility=1.0000 zone=0.9406 final=0.1260 probability=0.0000 roll=0.2894 cooldown=YES last_decided=0 reason=NOT_ADVANCING
DETECTOR_SLOT t=3.00 slot=2 state=DETECT s/lambda=+0.000/+0.000 prev=+0.000 wave=0 advancing=NO in_window=NO pressure=0.0000 prominence=0.0000 local_hs=0.0000 slope_long=0.0000 raw=0.0000 eligibility=0.0000 zone=0.0000 final=0.0000 probability=0.0000 roll=0.0000 cooldown=YES last_decided=-1 reason=INVALID_QUERY_SAMPLE
DETECTOR_SLOT t=3.00 slot=3 state=DETECT s/lambda=+7.012/+0.450 prev=+0.450 wave=0 advancing=YES in_window=NO pressure=0.5924 prominence=0.0568 local_hs=2.5000 slope_long=0.0284 raw=0.0989 eligibility=1.0000 zone=0.6900 final=0.0682 probability=0.0000 roll=0.0261 cooldown=YES last_decided=0 reason=WAVE_ALREADY_DECIDED
DETECTOR_SLOT t=3.00 slot=4 state=DETECT s/lambda=-6.993/-0.450 prev=-0.450 wave=0 advancing=NO in_window=NO pressure=0.6095 prominence=0.0406 local_hs=2.5000 slope_long=0.0408 raw=0.1113 eligibility=1.0000 zone=0.6900 final=0.0768 probability=0.0000 roll=0.9624 cooldown=YES last_decided=-1 reason=NOT_ADVANCING
DETECTOR_SLOT t=3.00 slot=5 state=DETECT s/lambda=+4.705/+0.300 prev=+0.300 wave=0 advancing=NO in_window=NO pressure=0.5371 prominence=0.0058 local_hs=2.5000 slope_long=0.0531 raw=0.0623 eligibility=1.0000 zone=0.6900 final=0.0430 probability=0.0000 roll=0.3094 cooldown=YES last_decided=-1 reason=NOT_ADVANCING
DETECTOR_SLOT t=3.00 slot=6 state=DETECT s/lambda=-5.246/-0.345 prev=-0.345 wave=1 advancing=YES in_window=NO pressure=0.6967 prominence=0.0223 local_hs=2.5000 slope_long=0.0009 raw=0.1803 eligibility=1.0000 zone=0.6900 final=0.1244 probability=0.0000 roll=0.0256 cooldown=YES last_decided=-1 reason=OUTSIDE_WINDOW
DETECTOR_SLOT t=3.00 slot=7 state=DETECT s/lambda=-0.569/-0.037 prev=-0.037 wave=1 advancing=YES in_window=NO pressure=0.5576 prominence=0.0323 local_hs=2.5000 slope_long=0.0033 raw=0.0752 eligibility=1.0000 zone=0.9734 final=0.0732 probability=0.0000 roll=0.8998 cooldown=YES last_decided=1 reason=ROLL_REJECTED
DETECTOR_CAPTURE t=4.01 tick=71 queried=2/14 slope=2/2 elapsed_ms=0.823 backend=NATIVE+ZONE_POSTPROCESS reason=NATIVE+ZONE_POSTPROCESS anchors=8 active=1
DETECTOR_SLOT t=4.01 slot=0 state=ACTIVE s/lambda=+6.976/+0.450 prev=+0.450 wave=0 advancing=YES in_window=NO pressure=0.5617 prominence=0.0562 local_hs=2.5000 slope_long=0.0467 raw=0.0779 eligibility=1.0000 zone=0.9912 final=0.0772 probability=0.0000 roll=0.2939 cooldown=YES last_decided=0 reason=FORCE_SPAWN
DETECTOR_SLOT t=4.01 slot=1 state=DETECT s/lambda=-4.608/-0.300 prev=-0.300 wave=1 advancing=YES in_window=NO pressure=0.6393 prominence=0.0733 local_hs=2.5000 slope_long=0.0342 raw=0.1340 eligibility=1.0000 zone=0.9406 final=0.1260 probability=0.0000 roll=0.2894 cooldown=YES last_decided=0 reason=OUTSIDE_WINDOW
DETECTOR_SLOT t=4.01 slot=2 state=DETECT s/lambda=+0.000/+0.000 prev=+0.000 wave=0 advancing=NO in_window=NO pressure=0.0000 prominence=0.0000 local_hs=0.0000 slope_long=0.0000 raw=0.0000 eligibility=0.0000 zone=0.0000 final=0.0000 probability=0.0000 roll=0.0000 cooldown=YES last_decided=-1 reason=INVALID_QUERY_SAMPLE
DETECTOR_SLOT t=4.01 slot=3 state=DETECT s/lambda=-2.337/-0.150 prev=-0.150 wave=0 advancing=NO in_window=YES pressure=0.5924 prominence=0.0000 local_hs=2.5000 slope_long=0.1292 raw=0.0989 eligibility=1.0000 zone=0.6900 final=0.0682 probability=0.0000 roll=0.0261 cooldown=YES last_decided=0 reason=NOT_ADVANCING
DETECTOR_SLOT t=4.01 slot=4 state=DETECT s/lambda=+2.331/+0.150 prev=+0.150 wave=0 advancing=YES in_window=NO pressure=0.6095 prominence=0.1158 local_hs=2.5000 slope_long=0.0655 raw=0.1129 eligibility=1.0000 zone=0.6900 final=0.0779 probability=0.0000 roll=0.9624 cooldown=YES last_decided=0 reason=ROLL_REJECTED
DETECTOR_SLOT t=4.01 slot=5 state=DETECT s/lambda=-7.058/-0.450 prev=-0.450 wave=0 advancing=NO in_window=NO pressure=0.5371 prominence=0.0033 local_hs=2.5000 slope_long=0.0880 raw=0.0623 eligibility=1.0000 zone=0.6900 final=0.0430 probability=0.0000 roll=0.3094 cooldown=YES last_decided=-1 reason=NOT_ADVANCING
DETECTOR_SLOT t=4.01 slot=6 state=DETECT s/lambda=+1.977/+0.130 prev=+0.130 wave=1 advancing=YES in_window=NO pressure=0.6967 prominence=0.0228 local_hs=2.5000 slope_long=0.0011 raw=0.1803 eligibility=1.0000 zone=0.6900 final=0.1244 probability=0.0000 roll=0.0256 cooldown=YES last_decided=1 reason=WAVE_ALREADY_DECIDED
DETECTOR_SLOT t=4.01 slot=7 state=DETECT s/lambda=+4.876/+0.313 prev=+0.313 wave=1 advancing=YES in_window=NO pressure=0.5576 prominence=0.0461 local_hs=2.5000 slope_long=0.0049 raw=0.0752 eligibility=1.0000 zone=0.9734 final=0.0732 probability=0.0000 roll=0.8998 cooldown=YES last_decided=1 reason=WAVE_ALREADY_DECIDED
DETECTOR_CAPTURE t=5.00 tick=89 queried=2/14 slope=2/2 elapsed_ms=0.435 backend=NATIVE+ZONE_POSTPROCESS reason=NATIVE+ZONE_POSTPROCESS anchors=8 active=0
DETECTOR_SLOT t=5.00 slot=0 state=DETECT s/lambda=+6.112/+0.394 prev=+0.394 wave=0 advancing=NO in_window=NO pressure=0.5617 prominence=0.1642 local_hs=2.5000 slope_long=0.0021 raw=0.1020 eligibility=1.0000 zone=0.9912 final=0.1011 probability=0.0000 roll=0.2939 cooldown=YES last_decided=0 reason=INITIALIZED
DETECTOR_SLOT t=5.00 slot=1 state=DETECT s/lambda=+0.000/+0.000 prev=+0.000 wave=1 advancing=YES in_window=NO pressure=0.6393 prominence=0.0874 local_hs=2.5000 slope_long=0.0492 raw=0.1340 eligibility=1.0000 zone=0.9406 final=0.1260 probability=0.0000 roll=0.2894 cooldown=YES last_decided=1 reason=ROLL_REJECTED
DETECTOR_SLOT t=5.00 slot=2 state=DETECT s/lambda=+0.000/+0.000 prev=+0.000 wave=0 advancing=NO in_window=NO pressure=0.0000 prominence=0.0000 local_hs=0.0000 slope_long=0.0000 raw=0.0000 eligibility=0.0000 zone=0.0000 final=0.0000 probability=0.0000 roll=0.0000 cooldown=YES last_decided=-1 reason=INVALID_QUERY_SAMPLE
DETECTOR_SLOT t=5.00 slot=3 state=DETECT s/lambda=-5.665/-0.364 prev=-0.364 wave=0 advancing=YES in_window=NO pressure=0.5924 prominence=0.1180 local_hs=2.5000 slope_long=0.0000 raw=0.1009 eligibility=1.0000 zone=0.6900 final=0.0696 probability=0.0000 roll=0.0261 cooldown=YES last_decided=0 reason=BEST_SCORE_PENDING
DETECTOR_SLOT t=5.00 slot=4 state=DETECT s/lambda=+3.860/+0.248 prev=+0.248 wave=0 advancing=YES in_window=NO pressure=0.6095 prominence=0.4234 local_hs=2.5000 slope_long=0.0506 raw=0.4277 eligibility=1.0000 zone=0.6900 final=0.2951 probability=0.0000 roll=0.9624 cooldown=YES last_decided=0 reason=WAVE_ALREADY_DECIDED
DETECTOR_SLOT t=5.00 slot=5 state=DETECT s/lambda=-4.897/-0.312 prev=-0.312 wave=0 advancing=YES in_window=NO pressure=0.5371 prominence=0.0696 local_hs=2.5000 slope_long=0.0001 raw=0.0623 eligibility=1.0000 zone=0.6900 final=0.0430 probability=0.0000 roll=0.3094 cooldown=YES last_decided=-1 reason=OUTSIDE_WINDOW
DETECTOR_SLOT t=5.00 slot=6 state=DETECT s/lambda=+3.539/+0.233 prev=+0.233 wave=1 advancing=YES in_window=NO pressure=0.6967 prominence=0.0111 local_hs=2.5000 slope_long=0.0099 raw=0.1803 eligibility=1.0000 zone=0.6900 final=0.1244 probability=0.0000 roll=0.0256 cooldown=YES last_decided=1 reason=WAVE_ALREADY_DECIDED
DETECTOR_SLOT t=5.00 slot=7 state=DETECT s/lambda=-7.000/-0.450 prev=-0.450 wave=2 advancing=NO in_window=NO pressure=0.5576 prominence=0.0210 local_hs=2.5000 slope_long=0.0395 raw=0.0752 eligibility=1.0000 zone=0.9734 final=0.0732 probability=0.0000 roll=0.1419 cooldown=YES last_decided=1 reason=NOT_ADVANCING
DETECTOR_CAPTURE t=6.01 tick=107 queried=2/14 slope=2/2 elapsed_ms=0.858 backend=NATIVE+ZONE_POSTPROCESS reason=NATIVE+ZONE_POSTPROCESS anchors=8 active=0
DETECTOR_SLOT t=6.01 slot=0 state=DETECT s/lambda=-6.975/-0.450 prev=-0.450 wave=1 advancing=YES in_window=NO pressure=0.5617 prominence=0.1191 local_hs=2.5000 slope_long=0.0101 raw=0.0802 eligibility=1.0000 zone=0.9912 final=0.0795 probability=0.0000 roll=0.8518 cooldown=YES last_decided=0 reason=OUTSIDE_WINDOW
DETECTOR_SLOT t=6.01 slot=1 state=DETECT s/lambda=+3.560/+0.232 prev=+0.232 wave=1 advancing=YES in_window=NO pressure=0.6393 prominence=0.1060 local_hs=2.5000 slope_long=0.0041 raw=0.1342 eligibility=1.0000 zone=0.9406 final=0.1263 probability=0.0000 roll=0.2894 cooldown=YES last_decided=1 reason=WAVE_ALREADY_DECIDED
DETECTOR_SLOT t=6.01 slot=2 state=DETECT s/lambda=+0.000/+0.000 prev=+0.000 wave=0 advancing=NO in_window=NO pressure=0.0000 prominence=0.0000 local_hs=0.0000 slope_long=0.0000 raw=0.0000 eligibility=0.0000 zone=0.0000 final=0.0000 probability=0.0000 roll=0.0000 cooldown=YES last_decided=-1 reason=INVALID_QUERY_SAMPLE
DETECTOR_SLOT t=6.01 slot=3 state=DETECT s/lambda=+1.635/+0.105 prev=+0.105 wave=0 advancing=YES in_window=NO pressure=0.5924 prominence=0.1161 local_hs=2.5000 slope_long=0.0019 raw=0.1005 eligibility=1.0000 zone=0.6900 final=0.0694 probability=0.0000 roll=0.0261 cooldown=YES last_decided=0 reason=WAVE_ALREADY_DECIDED
DETECTOR_SLOT t=6.01 slot=4 state=DETECT s/lambda=+2.331/+0.150 prev=+0.150 wave=0 advancing=NO in_window=NO pressure=0.6095 prominence=0.0000 local_hs=2.5000 slope_long=0.1221 raw=0.1113 eligibility=1.0000 zone=0.6900 final=0.0768 probability=0.0000 roll=0.9624 cooldown=YES last_decided=0 reason=NOT_ADVANCING
DETECTOR_SLOT t=6.01 slot=5 state=DETECT s/lambda=+2.353/+0.150 prev=+0.150 wave=0 advancing=YES in_window=NO pressure=0.5371 prominence=0.0811 local_hs=2.5000 slope_long=0.0431 raw=0.0623 eligibility=1.0000 zone=0.6900 final=0.0430 probability=0.0000 roll=0.3094 cooldown=YES last_decided=0 reason=WAVE_ALREADY_DECIDED
DETECTOR_SLOT t=6.01 slot=6 state=DETECT s/lambda=+2.278/+0.150 prev=+0.150 wave=1 advancing=NO in_window=NO pressure=0.6967 prominence=0.0007 local_hs=2.5000 slope_long=0.0002 raw=0.1803 eligibility=1.0000 zone=0.6900 final=0.1244 probability=0.0000 roll=0.0256 cooldown=YES last_decided=1 reason=NOT_ADVANCING
DETECTOR_SLOT t=6.01 slot=7 state=DETECT s/lambda=-4.026/-0.259 prev=-0.259 wave=2 advancing=YES in_window=YES pressure=0.5576 prominence=0.0748 local_hs=2.5000 slope_long=0.0041 raw=0.0752 eligibility=1.0000 zone=0.9734 final=0.0732 probability=0.0000 roll=0.1419 cooldown=YES last_decided=1 reason=BEST_SCORE_PENDING
DETECTOR_CAPTURE t=7.01 tick=125 queried=2/14 slope=2/2 elapsed_ms=0.619 backend=NATIVE+ZONE_POSTPROCESS reason=NATIVE+ZONE_POSTPROCESS anchors=8 active=0
DETECTOR_SLOT t=7.01 slot=0 state=DETECT s/lambda=-2.524/-0.163 prev=-0.163 wave=1 advancing=YES in_window=YES pressure=0.5617 prominence=0.1720 local_hs=2.5000 slope_long=0.0196 raw=0.1079 eligibility=1.0000 zone=0.9912 final=0.1069 probability=0.0000 roll=0.8518 cooldown=YES last_decided=0 reason=BEST_SCORE_PENDING
DETECTOR_SLOT t=7.01 slot=1 state=DETECT s/lambda=+6.913/+0.450 prev=+0.450 wave=1 advancing=NO in_window=NO pressure=0.6393 prominence=0.0116 local_hs=2.5000 slope_long=0.0573 raw=0.1340 eligibility=1.0000 zone=0.9406 final=0.1260 probability=0.0000 roll=0.2894 cooldown=YES last_decided=1 reason=NOT_ADVANCING
DETECTOR_SLOT t=7.01 slot=2 state=DETECT s/lambda=+0.000/+0.000 prev=+0.000 wave=0 advancing=NO in_window=NO pressure=0.0000 prominence=0.0000 local_hs=0.0000 slope_long=0.0000 raw=0.0000 eligibility=0.0000 zone=0.0000 final=0.0000 probability=0.0000 roll=0.0000 cooldown=YES last_decided=-1 reason=INVALID_QUERY_SAMPLE
DETECTOR_SLOT t=7.01 slot=3 state=DETECT s/lambda=+7.012/+0.450 prev=+0.450 wave=0 advancing=YES in_window=NO pressure=0.5924 prominence=0.1054 local_hs=2.5000 slope_long=0.0096 raw=0.0991 eligibility=1.0000 zone=0.6900 final=0.0684 probability=0.0000 roll=0.0261 cooldown=YES last_decided=0 reason=WAVE_ALREADY_DECIDED
DETECTOR_SLOT t=7.01 slot=4 state=DETECT s/lambda=-2.331/-0.150 prev=-0.150 wave=0 advancing=NO in_window=YES pressure=0.6095 prominence=0.0000 local_hs=2.5000 slope_long=0.1639 raw=0.1113 eligibility=1.0000 zone=0.6900 final=0.0768 probability=0.0000 roll=0.9624 cooldown=YES last_decided=0 reason=NOT_ADVANCING
DETECTOR_SLOT t=7.01 slot=5 state=DETECT s/lambda=+4.237/+0.270 prev=+0.270 wave=0 advancing=YES in_window=NO pressure=0.5371 prominence=0.3276 local_hs=2.5000 slope_long=0.0682 raw=0.2733 eligibility=1.0000 zone=0.6900 final=0.1886 probability=0.0000 roll=0.3094 cooldown=YES last_decided=0 reason=WAVE_ALREADY_DECIDED
DETECTOR_SLOT t=7.01 slot=6 state=DETECT s/lambda=-3.156/-0.208 prev=-0.208 wave=2 advancing=YES in_window=YES pressure=0.6967 prominence=0.0162 local_hs=2.5000 slope_long=0.0076 raw=0.1803 eligibility=1.0000 zone=0.6900 final=0.1244 probability=0.0000 roll=0.9816 cooldown=YES last_decided=1 reason=BEST_SCORE_PENDING
DETECTOR_SLOT t=7.01 slot=7 state=DETECT s/lambda=+1.734/+0.111 prev=+0.111 wave=2 advancing=YES in_window=NO pressure=0.5576 prominence=0.1016 local_hs=2.5000 slope_long=0.0080 raw=0.0752 eligibility=1.0000 zone=0.9734 final=0.0732 probability=0.0000 roll=0.1419 cooldown=YES last_decided=2 reason=WAVE_ALREADY_DECIDED
DETECTOR_CAPTURE t=8.00 tick=144 queried=2/14 slope=2/2 elapsed_ms=0.897 backend=NATIVE+ZONE_POSTPROCESS reason=NATIVE+ZONE_POSTPROCESS anchors=8 active=0
DETECTOR_SLOT t=8.00 slot=0 state=DETECT s/lambda=+1.690/+0.109 prev=+0.109 wave=1 advancing=YES in_window=NO pressure=0.5617 prominence=0.2145 local_hs=2.5000 slope_long=0.0004 raw=0.1475 eligibility=1.0000 zone=0.9912 final=0.1462 probability=0.0000 roll=0.8518 cooldown=YES last_decided=1 reason=WAVE_ALREADY_DECIDED
DETECTOR_SLOT t=8.00 slot=1 state=DETECT s/lambda=+0.000/+0.000 prev=+0.000 wave=2 advancing=YES in_window=NO pressure=0.6393 prominence=0.0000 local_hs=2.5000 slope_long=0.0143 raw=0.1340 eligibility=1.0000 zone=0.9406 final=0.1260 probability=0.0000 roll=0.6993 cooldown=YES last_decided=1 reason=NO_BEST_SCORE
DETECTOR_SLOT t=8.00 slot=2 state=DETECT s/lambda=+0.000/+0.000 prev=+0.000 wave=0 advancing=NO in_window=NO pressure=0.0000 prominence=0.0000 local_hs=0.0000 slope_long=0.0000 raw=0.0000 eligibility=0.0000 zone=0.0000 final=0.0000 probability=0.0000 roll=0.0000 cooldown=YES last_decided=-1 reason=INVALID_QUERY_SAMPLE
DETECTOR_SLOT t=8.00 slot=3 state=DETECT s/lambda=-7.012/-0.450 prev=-0.450 wave=0 advancing=NO in_window=NO pressure=0.5924 prominence=0.0090 local_hs=2.5000 slope_long=0.1251 raw=0.0989 eligibility=1.0000 zone=0.6900 final=0.0682 probability=0.0000 roll=0.0261 cooldown=YES last_decided=0 reason=NOT_ADVANCING
DETECTOR_SLOT t=8.00 slot=4 state=DETECT s/lambda=-4.108/-0.264 prev=-0.264 wave=0 advancing=YES in_window=YES pressure=0.6095 prominence=0.1167 local_hs=2.5000 slope_long=0.0005 raw=0.1131 eligibility=1.0000 zone=0.6900 final=0.0780 probability=0.0000 roll=0.9624 cooldown=YES last_decided=0 reason=BEST_SCORE_PENDING
DETECTOR_SLOT t=8.00 slot=5 state=DETECT s/lambda=-2.353/-0.150 prev=-0.150 wave=1 advancing=NO in_window=YES pressure=0.5371 prominence=0.0000 local_hs=2.5000 slope_long=0.0737 raw=0.0623 eligibility=1.0000 zone=0.6900 final=0.0430 probability=0.0000 roll=0.7464 cooldown=YES last_decided=0 reason=NOT_ADVANCING
DETECTOR_SLOT t=8.00 slot=6 state=DETECT s/lambda=+3.993/+0.263 prev=+0.263 wave=2 advancing=YES in_window=NO pressure=0.6967 prominence=0.0127 local_hs=2.5000 slope_long=0.0028 raw=0.1803 eligibility=1.0000 zone=0.6900 final=0.1244 probability=0.0000 roll=0.9816 cooldown=YES last_decided=2 reason=WAVE_ALREADY_DECIDED
DETECTOR_SLOT t=8.00 slot=7 state=DETECT s/lambda=+6.900/+0.444 prev=+0.444 wave=2 advancing=YES in_window=NO pressure=0.5576 prominence=0.1076 local_hs=2.5000 slope_long=0.0193 raw=0.0756 eligibility=1.0000 zone=0.9734 final=0.0736 probability=0.0000 roll=0.1419 cooldown=YES last_decided=2 reason=WAVE_ALREADY_DECIDED
DETECTOR_CAPTURE t=9.00 tick=162 queried=2/14 slope=1/1 elapsed_ms=0.347 backend=NATIVE+ZONE_POSTPROCESS reason=NATIVE+ZONE_POSTPROCESS anchors=8 active=0
DETECTOR_SLOT t=9.00 slot=0 state=DETECT s/lambda=+6.976/+0.450 prev=+0.450 wave=1 advancing=YES in_window=NO pressure=0.5617 prominence=0.1049 local_hs=2.5000 slope_long=0.0677 raw=0.0780 eligibility=1.0000 zone=0.9912 final=0.0774 probability=0.0000 roll=0.8518 cooldown=YES last_decided=1 reason=WAVE_ALREADY_DECIDED
DETECTOR_SLOT t=9.00 slot=1 state=DETECT s/lambda=-6.763/-0.440 prev=-0.440 wave=2 advancing=YES in_window=NO pressure=0.6393 prominence=0.0569 local_hs=2.5000 slope_long=0.0020 raw=0.1340 eligibility=1.0000 zone=0.9406 final=0.1260 probability=0.0000 roll=0.6993 cooldown=YES last_decided=1 reason=OUTSIDE_WINDOW
DETECTOR_SLOT t=9.00 slot=2 state=DETECT s/lambda=+0.000/+0.000 prev=+0.000 wave=0 advancing=NO in_window=NO pressure=0.0000 prominence=0.0000 local_hs=0.0000 slope_long=0.0000 raw=0.0000 eligibility=0.0000 zone=0.0000 final=0.0000 probability=0.0000 roll=0.0000 cooldown=YES last_decided=-1 reason=INVALID_QUERY_SAMPLE
DETECTOR_SLOT t=9.00 slot=3 state=DETECT s/lambda=-6.401/-0.411 prev=-0.411 wave=0 advancing=YES in_window=NO pressure=0.5924 prominence=0.0834 local_hs=2.5000 slope_long=0.0014 raw=0.0989 eligibility=1.0000 zone=0.6900 final=0.0682 probability=0.0000 roll=0.0261 cooldown=YES last_decided=0 reason=BEST_SCORE_PENDING
DETECTOR_SLOT t=9.00 slot=4 state=DETECT s/lambda=+2.864/+0.184 prev=+0.184 wave=0 advancing=YES in_window=NO pressure=0.6095 prominence=0.2399 local_hs=2.5000 slope_long=0.0319 raw=0.2098 eligibility=1.0000 zone=0.6900 final=0.1448 probability=0.0000 roll=0.9624 cooldown=YES last_decided=0 reason=WAVE_ALREADY_DECIDED
DETECTOR_SLOT t=9.00 slot=5 state=DETECT s/lambda=-7.058/-0.450 prev=-0.450 wave=1 advancing=NO in_window=NO pressure=0.5371 prominence=0.0456 local_hs=2.5000 slope_long=0.0338 raw=0.0623 eligibility=1.0000 zone=0.6900 final=0.0430 probability=0.0000 roll=0.7464 cooldown=YES last_decided=0 reason=NOT_ADVANCING
DETECTOR_SLOT t=9.00 slot=6 state=DETECT s/lambda=+6.834/+0.450 prev=+0.450 wave=2 advancing=YES in_window=NO pressure=0.6967 prominence=0.0071 local_hs=2.5000 slope_long=0.0022 raw=0.1803 eligibility=1.0000 zone=0.6900 final=0.1244 probability=0.0000 roll=0.9816 cooldown=YES last_decided=2 reason=WAVE_ALREADY_DECIDED
DETECTOR_SLOT t=9.00 slot=7 state=DETECT s/lambda=-7.000/-0.450 prev=-0.450 wave=3 advancing=NO in_window=NO pressure=0.5576 prominence=0.0554 local_hs=2.5000 slope_long=0.0163 raw=0.0752 eligibility=1.0000 zone=0.9734 final=0.0732 probability=0.0000 roll=0.9719 cooldown=YES last_decided=2 reason=NOT_ADVANCING
DETECTOR_CAPTURE t=10.00 tick=180 queried=2/14 slope=2/2 elapsed_ms=0.996 backend=NATIVE+ZONE_POSTPROCESS reason=NATIVE+ZONE_POSTPROCESS anchors=8 active=0
DETECTOR_SLOT t=10.00 slot=0 state=DETECT s/lambda=-6.554/-0.423 prev=-0.423 wave=2 advancing=YES in_window=NO pressure=0.5617 prominence=0.0802 local_hs=2.5000 slope_long=0.0067 raw=0.0779 eligibility=1.0000 zone=0.9912 final=0.0772 probability=0.0000 roll=0.9407 cooldown=YES last_decided=1 reason=OUTSIDE_WINDOW
DETECTOR_SLOT t=10.00 slot=1 state=DETECT s/lambda=-1.134/-0.074 prev=-0.074 wave=2 advancing=YES in_window=YES pressure=0.6393 prominence=0.0676 local_hs=2.5000 slope_long=0.0009 raw=0.1340 eligibility=1.0000 zone=0.9406 final=0.1260 probability=0.0000 roll=0.6993 cooldown=YES last_decided=1 reason=BEST_SCORE_PENDING
DETECTOR_SLOT t=10.00 slot=2 state=DETECT s/lambda=+0.000/+0.000 prev=+0.000 wave=0 advancing=NO in_window=NO pressure=0.0000 prominence=0.0000 local_hs=0.0000 slope_long=0.0000 raw=0.0000 eligibility=0.0000 zone=0.0000 final=0.0000 probability=0.0000 roll=0.0000 cooldown=YES last_decided=-1 reason=INVALID_QUERY_SAMPLE
DETECTOR_SLOT t=10.00 slot=3 state=DETECT s/lambda=+0.886/+0.057 prev=+0.057 wave=0 advancing=YES in_window=NO pressure=0.5924 prominence=0.1129 local_hs=2.5000 slope_long=0.0007 raw=0.0999 eligibility=1.0000 zone=0.6900 final=0.0690 probability=0.0000 roll=0.0261 cooldown=YES last_decided=0 reason=WAVE_ALREADY_DECIDED
DETECTOR_SLOT t=10.00 slot=4 state=DETECT s/lambda=+6.993/+0.450 prev=+0.450 wave=0 advancing=YES in_window=NO pressure=0.6095 prominence=0.1370 local_hs=2.5000 slope_long=0.0608 raw=0.1197 eligibility=1.0000 zone=0.6900 final=0.0826 probability=0.0000 roll=0.9624 cooldown=YES last_decided=0 reason=WAVE_ALREADY_DECIDED
DETECTOR_SLOT t=10.00 slot=5 state=DETECT s/lambda=-1.057/-0.067 prev=-0.067 wave=1 advancing=YES in_window=YES pressure=0.5371 prominence=0.0746 local_hs=2.5000 slope_long=0.0020 raw=0.0623 eligibility=1.0000 zone=0.6900 final=0.0430 probability=0.0000 roll=0.7464 cooldown=YES last_decided=0 reason=BEST_SCORE_PENDING
DETECTOR_SLOT t=10.00 slot=6 state=DETECT s/lambda=-6.415/-0.422 prev=-0.422 wave=3 advancing=YES in_window=NO pressure=0.6967 prominence=0.0108 local_hs=2.5000 slope_long=0.0048 raw=0.1803 eligibility=1.0000 zone=0.6900 final=0.1244 probability=0.0000 roll=0.5916 cooldown=YES last_decided=2 reason=OUTSIDE_WINDOW
DETECTOR_SLOT t=10.00 slot=7 state=DETECT s/lambda=-2.333/-0.150 prev=-0.150 wave=3 advancing=YES in_window=YES pressure=0.5576 prominence=0.0955 local_hs=2.5000 slope_long=0.0090 raw=0.0752 eligibility=1.0000 zone=0.9734 final=0.0732 probability=0.0000 roll=0.9719 cooldown=YES last_decided=2 reason=BEST_SCORE_PENDING
BREAKER_DETECTOR_RUNTIME_CAPTURE: COMPLETE duration=10.00s
